05-06 22:48:11.473 30619 30658 E PhenotypeFlagCommitter: 	at mip.fb(Unknown Source:27)
05-06 22:48:11.473 30619 30658 E PhenotypeFlagCommitter: 	at mip.cd(Unknown Source:63)
05-06 22:48:11.473 30619 30658 E PhenotypeFlagCommitter: 	at kuc.c(Unknown Source:12)
05-06 22:48:11.473 30619 30658 E PhenotypeFlagCommitter: 	at kuc.e(Unknown Source:35)
05-06 22:48:11.473 30619 30658 E PhenotypeFlagCommitter: 	at kuc.b(Unknown Source:1)
05-06 22:48:11.473 30619 30658 E PhenotypeFlagCommitter: 	at gvh.a(Unknown Source:35)
05-06 22:48:11.473 30619 30658 E PhenotypeFlagCommitter: 	at gvj.run(Unknown Source:9)
05-06 22:48:11.473 30619 30658 E PhenotypeFlagCommitter: 	at law.run(Unknown Source:2)
05-06 22:48:11.473 30619 30658 E PhenotypeFlagCommitter: 	at java.util.concurrent.Executors$RunnableAdapter.call(Executors.java:462)
05-06 22:48:11.473 30619 30658 E PhenotypeFlagCommitter: 	at pio.a(Unknown Source:2)
05-06 22:48:11.473 30619 30658 E PhenotypeFlagCommitter: 	at phs.run(Unknown Source:20)
05-06 22:48:11.473 30619 30658 E PhenotypeFlagCommitter: 	at pip.run(Unknown Source:4)
05-06 22:48:11.473 30619 30658 E PhenotypeFlagCommitter: 	at java.util.concurrent.Executors$RunnableAdapter.call(Executors.java:462)
05-06 22:48:11.473 30619 30658 E PhenotypeFlagCommitter: 	at java.util.concurrent.FutureTask.run(FutureTask.java:266)
05-06 22:48:11.473 30619 30658 E PhenotypeFlagCommitter: 	at java.util.concurrent.ScheduledThreadPoolExecutor$ScheduledFutureTask.run(ScheduledThreadPoolExecutor.java:301)
05-06 22:48:11.473 30619 30658 E PhenotypeFlagCommitter: 	at lbh.run(Unknown Source:2)
05-06 22:48:11.473 30619 30658 E PhenotypeFlagCommitter: 	at lbg.run(Unknown Source:0)
05-06 22:48:11.473 30619 30658 E PhenotypeFlagCommitter: 	at java.util.concurrent.ThreadPoolExecutor.runWorker(ThreadPoolExecutor.java:1167)
05-06 22:48:11.473 30619 30658 E PhenotypeFlagCommitter: 	at java.util.concurrent.ThreadPoolExecutor$Worker.run(ThreadPoolExecutor.java:641)
05-06 22:48:11.473 30619 30658 E PhenotypeFlagCommitter: 	at java.lang.Thread.run(Thread.java:923)
05-06 22:48:11.473 30619 30658 E PhenotypeFlagCommitter: 	at lab.run(Unknown Source:5)
05-06 22:48:11.473 30619 30658 E PhenotypeFlagCommitter: Caused by: java.lang.SecurityException: GoogleCertificatesRslt: not allowed: pkg=com.google.android.GoogleCameraEngR13F2, sha256=[a40da80a59d170caa950cf15c18c454d47a39b26989d8b640ecd745ba71bf5dc], atk=false, ver=251333022.true (go/gsrlt)
05-06 22:48:11.473 30619 30658 E PhenotypeFlagCommitter: 	at android.os.Parcel.createExceptionOrNull(Parcel.java:2374)
05-06 22:48:11.473 30619 30658 E PhenotypeFlagCommitter: 	at android.os.Parcel.createException(Parcel.java:2358)
05-06 22:48:11.473 30619 30658 E PhenotypeFlagCommitter: 	at android.os.Parcel.readException(Parcel.java:2341)
05-06 22:48:11.473 30619 30658 E PhenotypeFlagCommitter: 	at android.os.Parcel.readException(Parcel.java:2283)
05-06 22:48:11.473 30619 30658 E PhenotypeFlagCommitter: 	at bmn.z(Unknown Source:10)
05-06 22:48:11.473 30619 30658 E PhenotypeFlagCommitter: 	at ktz.a(Unknown Source:38)
05-06 22:48:11.473 30619 30658 E PhenotypeFlagCommitter: 	at kjd.f(Unknown Source:10)
05-06 22:48:11.473 30619 30658 E PhenotypeFlagCommitter: 	at kkc.t(Unknown Source:9)
05-06 22:48:11.473 30619 30658 E PhenotypeFlagCommitter: 	at kkc.u(Unknown Source:22)
05-06 22:48:11.473 30619 30658 E PhenotypeFlagCommitter: 	at kkc.g(Unknown Source:29)
05-06 22:48:11.473 30619 30658 E PhenotypeFlagCommitter: 	at kkc.h(Unknown Source:76)
05-06 22:48:11.473 30619 30658 E PhenotypeFlagCommitter: 	at kkc.b(Unknown Source:14)
05-06 22:48:11.473 30619 30658 E PhenotypeFlagCommitter: 	at klz.c(Unknown Source:114)
05-06 22:48:11.473 30619 30658 E PhenotypeFlagCommitter: 	at klt.d(Unknown Source:6)
05-06 22:48:11.473 30619 30658 E PhenotypeFlagCommitter: 	at klu.handleMessage(Unknown Source:307)
05-06 22:48:11.473 30619 30658 E PhenotypeFlagCommitter: 	at android.os.Handler.dispatchMessage(Handler.java:106)
05-06 22:48:11.473 30619 30658 E PhenotypeFlagCommitter: 	at ksg.b(Unknown Source:0)
05-06 22:48:11.473 30619 30658 E PhenotypeFlagCommitter: 	at ksg.dispatchMessage(Unknown Source:0)
05-06 22:48:11.473 30619 30658 E PhenotypeFlagCommitter: 	at android.os.Looper.loop(Looper.java:223)
05-06 22:48:11.473 30619 30658 E PhenotypeFlagCommitter: 	at android.os.HandlerThread.run(HandlerThread.java:67)
05-06 22:48:11.498 30619 30920 D libMEOW : applied 1 plugins for [com.google.android.GoogleCameraEngR13F2]:
05-06 22:48:11.498 30619 30920 D libMEOW :   plugin 1: [libMEOW_gift.so]:
05-06 22:48:11.499 30619 30801 E libEGL  : validate_display:87 error 3008 (EGL_BAD_DISPLAY)
05-06 22:48:11.505 30619 30795 E libEGL  : validate_display:87 error 3008 (EGL_BAD_DISPLAY)
05-06 22:48:11.517 30619 30702 W CAM_MetadataDst: onCaptureFailed for Frame 20 (images were captured)
05-06 22:48:11.774 30619 30670 I BufferQueueProducer: [ImageReader-1440x1080f22m11-30619-2](id:779b00000002,api:4,p:911,c:30619) disconnect(): api=4
05-06 22:48:11.781 30619 30670 I BufferQueueProducer: [ImageReader-4000x3000f20m30-30619-0](id:779b00000000,api:4,p:911,c:30619) disconnect(): api=4
05-06 22:48:11.788 30619 30670 I BufferQueueProducer: [ImageReader-1920x1080f23m52-30619-1](id:779b00000001,api:4,p:911,c:30619) disconnect(): api=4
05-06 22:48:12.236 30619 30619 W CAM_A   : Duplicate call to stopModule; skipping stop.
05-06 22:48:12.250 30619 30619 V PhoneWindow: DecorView setVisiblity: visibility = 4, Parent = android.view.ViewRootImpl@17595ba, this = DecorView@a8b9c6b[CameraLauncher]
05-06 22:48:13.469 30619 30687 I BufferQueueConsumer: [ImageReader-4000x3000f20m30-30619-0](id:779b00000000,api:0,p:-1,c:30619) disconnect()
05-06 22:48:13.471 30619 30687 I BufferQueueConsumer: [ImageReader-1440x1080f22m11-30619-2](id:779b00000002,api:0,p:-1,c:30619) disconnect()
05-06 22:48:13.736 30619 30619 D CameraManager2: GotArray:0
05-06 22:48:13.736 30619 30619 D CameraManager2: GotArray:1
05-06 22:48:13.736 30619 30619 D CameraManager2: GotArray:2
05-06 22:48:13.736 30619 30619 D CameraManager2: GotArray:3
05-06 22:48:13.736 30619 30619 D CameraManager2: GotArray:4
05-06 22:48:13.736 30619 30619 D CameraManager2: GotArray:6
05-06 22:48:13.738 30619 30619 D CameraManager2: GotArray:0
05-06 22:48:13.738 30619 30619 D CameraManager2: GotArray:1
05-06 22:48:13.738 30619 30619 D CameraManager2: GotArray:2
05-06 22:48:13.738 30619 30619 D CameraManager2: GotArray:3
05-06 22:48:13.738 30619 30619 D CameraManager2: GotArray:4
05-06 22:48:13.738 30619 30619 D CameraManager2: GotArray:6
05-06 22:48:13.741 30619 30619 D CameraManager2: GotArray:0
05-06 22:48:13.741 30619 30619 D CameraManager2: GotArray:1
05-06 22:48:13.741 30619 30619 D CameraManager2: GotArray:2
05-06 22:48:13.741 30619 30619 D CameraManager2: GotArray:3
05-06 22:48:13.741 30619 30619 D CameraManager2: GotArray:4
05-06 22:48:13.741 30619 30619 D CameraManager2: GotArray:6
05-06 22:48:13.744 30619 30619 I StreamConfigurationMap: ScreenPixWidth: ,packageName: com.google.android.GoogleCameraEngR13F2
05-06 22:48:13.747 30619 31068 D libMEOW : applied 1 plugins for [com.google.android.GoogleCameraEngR13F2]:
05-06 22:48:13.748 30619 31068 D libMEOW :   plugin 1: [libMEOW_gift.so]:
05-06 22:48:13.749 30619 31068 I libMEOW_gift: ctx:0x7347403a60, ARC not Enabled.
05-06 22:48:13.756 30619 30619 V PhoneWindow: DecorView setVisiblity: visibility = 0, Parent = android.view.ViewRootImpl@17595ba, this = DecorView@a8b9c6b[CameraLauncher]
05-06 22:48:13.757 30619 30670 D CameraManager:  pixelArraySize.width/heigh=4000  3000 minsuperzoomsize: 50000000activeArrayRect.width/heigh=4000 3000
05-06 22:48:13.762 30619 30619 V PhoneWindow: DecorView setVisiblity: visibility = 0, Parent = android.view.ViewRootImpl@17595ba, this = DecorView@a8b9c6b[CameraLauncher]
05-06 22:48:13.770 30619 30662 I BufferQueueConsumer: [](id:779b00000003,api:0,p:-1,c:30619) connect(): controlledByApp=true
05-06 22:48:13.774 30619 30662 I BufferQueueConsumer: [](id:779b00000004,api:0,p:-1,c:30619) connect(): controlledByApp=true
05-06 22:48:13.776 30619 30662 I BufferQueueConsumer: [](id:779b00000005,api:0,p:-1,c:30619) connect(): controlledByApp=true
05-06 22:48:13.799 30619 30619 W CAM_ViewfinderSV0: surfaceChanged was already called or cancelled? Value: CreatedSurface{surface=Surface(name=null)/@0x6c90d8e, format=4, size=1440x1080}
05-06 22:48:13.800 30619 30619 D ViewRootImpl: setSurfaceViewCreated, created:true
05-06 22:48:13.875 30619 30619 D ViewRootImpl: setSurfaceViewCreated, created:false
05-06 22:48:13.925 30619 30631 I eCameraEngR13F: NativeAlloc concurrent copying GC freed 70317(2873KB) AllocSpace objects, 1(20KB) LOS objects, 42% free, 8387KB/14MB, paused 508us total 154.004ms
05-06 22:48:13.932 30619 30619 D ViewRootImpl: setSurfaceViewCreated, created:true
05-06 22:48:13.998 30619 30670 I BufferQueueProducer: [ImageReader-1440x1080f22m11-30619-5](id:779b00000005,api:4,p:911,c:30619) connect(): api=4 producerControlledByApp=true
05-06 22:48:13.999 30619 30670 I BufferQueueProducer: [ImageReader-4000x3000f20m30-30619-3](id:779b00000003,api:4,p:911,c:30619) connect(): api=4 producerControlledByApp=false
05-06 22:48:14.000 30619 30670 I BufferQueueProducer: [ImageReader-1920x1080f23m52-30619-4](id:779b00000004,api:4,p:911,c:30619) connect(): api=4 producerControlledByApp=false
05-06 22:48:14.055 30619 30619 W CAM_A   : ModeSwitcher WAS ALREADY ENABLED!
05-06 22:48:14.509 30619 30813 D BufferPoolAccessor2.0: bufferpool2 0x72d72c22f8 : 0(0 size) total buffers - 0(0 size) used buffers - 2/9 (recycle/alloc) - 7/82 (fetch/transfer)
05-06 22:48:14.509 30619 30813 D BufferPoolAccessor2.0: evictor expired: 1, evicted: 1
05-06 22:48:14.684 30619 31122 W CameraMetadataJV: Expect face scores and rectangles to be non-null
05-06 22:48:14.686 30619 31122 W CAM_A   : PHOTO > abs Δ(result sensor timestamp) = 3215.97 ms > 70.00 ms
05-06 22:48:14.686 30619 31122 W CAM_A   : PHOTO > rel Δ(result sensor timestamp) = 41.86 > 0.25
05-06 22:48:14.687 30619 31122 W CAM_A   : PHOTO > result sensor delay = 42.75 > 1.10
05-06 22:48:14.692 30619 30658 I tflite  : Replacing 5 node(s) with delegate (TfLiteXNNPackDelegate) node, yielding 1 partitions.
05-06 22:48:14.693 30619 30762 E GoLog   : INFO: Replacing 5 node(s) with delegate (TfLiteXNNPackDelegate) node, yielding 1 partitions.
05-06 22:48:14.687 30619 30619 W MicrovideoQShar: type=1400 audit(0.0:191824): avc: granted { execute } for path="/data/user/0/com.google.android.GoogleCameraEngR13F2/files/libpatched_jni.so" dev="dm-11" ino=839845 scontext=u:r:untrusted_app_29:s0:c5,c257,c512,c768 tcontext=u:object_r:app_data_file:s0:c5,c257,c512,c768 tclass=file app=com.google.android.GoogleCameraEngR13F2
05-06 22:48:14.697 30619 31215 D libMEOW : applied 1 plugins for [com.google.android.GoogleCameraEngR13F2]:
05-06 22:48:14.697 30619 31215 D libMEOW :   plugin 1: [libMEOW_gift.so]:
05-06 22:48:14.698 30619 31215 I libMEOW_gift: ctx:0x7347386f08, ARC not Enabled.
05-06 22:48:14.700 30619 30658 I acceleration: ModifyGraphWithDelegate model namespace: unknown_namespace model id: unknown_model_id accelerator name: NNAPI:
05-06 22:48:14.701 30619 31221 D libMEOW : applied 1 plugins for [com.google.android.GoogleCameraEngR13F2]:
05-06 22:48:14.701 30619 31221 D libMEOW :   plugin 1: [libMEOW_gift.so]:
05-06 22:48:14.701 30619 31220 D libMEOW : applied 1 plugins for [com.google.android.GoogleCameraEngR13F2]:
05-06 22:48:14.701 30619 31220 D libMEOW :   plugin 1: [libMEOW_gift.so]:
05-06 22:48:14.702 30619 30658 I tflite  : Replacing 97 node(s) with delegate (TfLiteNnapiDelegate) node, yielding 1 partitions.
05-06 22:48:14.702 30619 30762 E GoLog   : INFO: Replacing 97 node(s) with delegate (TfLiteNnapiDelegate) node, yielding 1 partitions.
05-06 22:48:14.703 30619 31215 I libMEOW_gift: ctx:0x73474777c0, ARC not Enabled.
05-06 22:48:14.704 30619 31222 D libMEOW : applied 1 plugins for [com.google.android.GoogleCameraEngR13F2]:
05-06 22:48:14.704 30619 31222 D libMEOW :   plugin 1: [libMEOW_gift.so]:
05-06 22:48:14.705 30619 31220 I libMEOW_gift: ctx:0x73473685e0, ARC not Enabled.
05-06 22:48:14.712 30619 31122 W CameraMetadataJV: Expect face scores and rectangles to be non-null
05-06 22:48:14.715 30619 31122 W CAM_A   : PHOTO > abs Δ(result sensor timestamp) = 75.04 ms > 70.00 ms
05-06 22:48:14.719 30619 31223 D libMEOW : applied 1 plugins for [com.google.android.GoogleCameraEngR13F2]:
05-06 22:48:14.719 30619 31223 D libMEOW :   plugin 1: [libMEOW_gift.so]:
05-06 22:48:14.721 30619 31223 I libMEOW_gift: ctx:0x73473ca6c0, ARC not Enabled.
05-06 22:48:14.721 30619 31122 W CAM_A   : PHOTO > rel Δ(result sensor timestamp) = 0.98 > 0.25
05-06 22:48:14.733 30619 31221 E native  : E0506 22:48:14.733049   31221 resource_util_android.cc:65] generic::internal: RET_CHECK failure (third_party/mediapipe/util/resource_util_android.cc:65) Singleton<AssetManager>::get()->ReadFile(path, output) could not read asset: research/vision/loco/video/models/siamese_fcpp/mobile/model_21086792_30/siamese_fe.tflite
05-06 22:48:14.733 30619 31221 E native  : Stack trace:
05-06 22:48:14.733 30619 31221 E native  : 
05-06 22:48:14.733 30619 30762 E GoLog   : E0506 22:48:14.733049   31221 resource_util_android.cc:65] generic::internal: RET_CHECK failure (third_party/mediapipe/util/resource_util_android.cc:65) Singleton<AssetManager>::get()->ReadFile(path, output) could not read asset: research/vision/loco/video/models/siamese_fcpp/mobile/model_21086792_30/siamese_fe.tflite
05-06 22:48:14.733 30619 30762 E GoLog   : Stack trace:
05-06 22:48:14.733 30619 30762 E GoLog   : 
05-06 22:48:14.733 30619 31221 E native  : E0506 22:48:14.733757   31221 asset_manager_util.cc:166] generic::internal: RET_CHECK failure (third_party/mediapipe/util/android/asset_manager_util.cc:166) ReadFile(asset_path, &asset_data) could not read asset: research/vision/loco/video/models/siamese_fcpp/mobile/model_21086792_30/siamese_fe.tflite
05-06 22:48:14.733 30619 31221 E native  : Stack trace:
05-06 22:48:14.733 30619 31221 E native  : 
05-06 22:48:14.733 30619 30762 E GoLog   : E0506 22:48:14.733757   31221 asset_manager_util.cc:166] generic::internal: RET_CHECK failure (third_party/mediapipe/util/android/asset_manager_util.cc:166) ReadFile(asset_path, &asset_data) could not read asset: research/vision/loco/video/models/siamese_fcpp/mobile/model_21086792_30/siamese_fe.tflite
05-06 22:48:14.733 30619 30762 E GoLog   : Stack trace:
05-06 22:48:14.733 30619 30762 E GoLog   : 
05-06 22:48:14.739 30619 31221 I tflite  : Replacing 26 node(s) with delegate (unknown) node, yielding 1 partitions.
05-06 22:48:14.739 30619 30762 E GoLog   : INFO: Replacing 26 node(s) with delegate (unknown) node, yielding 1 partitions.
05-06 22:48:14.741 30619 31221 I tflite  : Replacing 26 node(s) with delegate (unknown) node, yielding 1 partitions.
05-06 22:48:14.741 30619 30762 E GoLog   : INFO: Replacing 26 node(s) with delegate (unknown) node, yielding 1 partitions.
05-06 22:48:14.756 30619 30648 W CAM_A   : Extractor (frame) of type feature.acmi.imu.frame-straightness depends on foreign type feature.acmi.imu.camera-orientation! Feature values may be calculated out of order!
05-06 22:48:14.757 30619 30648 W CAM_A   : Extractor (frame) of type feature.acmi.imu.frame-straightness depends on foreign type feature.acmi.imu.camera-orientation! Feature values may be calculated out of order!
05-06 22:48:14.784 30619 31221 E native  : E0506 22:48:14.783922   31221 resource_util_android.cc:65] generic::internal: RET_CHECK failure (third_party/mediapipe/util/resource_util_android.cc:65) Singleton<AssetManager>::get()->ReadFile(path, output) could not read asset: research/vision/loco/video/models/siamese_fcpp/mobile/model_21086792_30/siamese_end2end.tflite
05-06 22:48:14.784 30619 31221 E native  : Stack trace:
05-06 22:48:14.784 30619 31221 E native  : 
05-06 22:48:14.784 30619 31221 E native  : E0506 22:48:14.784162   31221 asset_manager_util.cc:166] generic::internal: RET_CHECK failure (third_party/mediapipe/util/android/asset_manager_util.cc:166) ReadFile(asset_path, &asset_data) could not read asset: research/vision/loco/video/models/siamese_fcpp/mobile/model_21086792_30/siamese_end2end.tflite
05-06 22:48:14.784 30619 31221 E native  : Stack trace:
05-06 22:48:14.784 30619 31221 E native  : 
05-06 22:48:14.784 30619 30762 E GoLog   : E0506 22:48:14.783922   31221 resource_util_android.cc:65] generic::internal: RET_CHECK failure (third_party/mediapipe/util/resource_util_android.cc:65) Singleton<AssetManager>::get()->ReadFile(path, output) could not read asset: research/vision/loco/video/models/siamese_fcpp/mobile/model_21086792_30/siamese_end2end.tflite
05-06 22:48:14.784 30619 30762 E GoLog   : Stack trace:
05-06 22:48:14.784 30619 30762 E GoLog   : 
05-06 22:48:14.784 30619 30762 E GoLog   : E0506 22:48:14.784162   31221 asset_manager_util.cc:166] generic::internal: RET_CHECK failure (third_party/mediapipe/util/android/asset_manager_util.cc:166) ReadFile(asset_path, &asset_data) could not read asset: research/vision/loco/video/models/siamese_fcpp/mobile/model_21086792_30/siamese_end2end.tflite
05-06 22:48:14.784 30619 30762 E GoLog   : Stack trace:
05-06 22:48:14.784 30619 30762 E GoLog   : 
05-06 22:48:14.792 30619 31227 D libMEOW : applied 1 plugins for [com.google.android.GoogleCameraEngR13F2]:
05-06 22:48:14.792 30619 31227 D libMEOW :   plugin 1: [libMEOW_gift.so]:
05-06 22:48:14.794 30619 31221 I tflite  : Replacing 47 node(s) with delegate (unknown) node, yielding 1 partitions.
05-06 22:48:14.794 30619 30762 E GoLog   : INFO: Replacing 47 node(s) with delegate (unknown) node, yielding 1 partitions.
05-06 22:48:14.800 30619 31227 I libMEOW_gift: ctx:0x70f62cff08, ARC not Enabled.
05-06 22:48:14.800 30619 31221 I tflite  : Replacing 47 node(s) with delegate (unknown) node, yielding 1 partitions.
05-06 22:48:14.801 30619 30762 E GoLog   : INFO: Replacing 47 node(s) with delegate (unknown) node, yielding 1 partitions.
05-06 22:48:14.965 30619 30619 D GameSpace: DecorView dispatchTouchEvent, isAccelerate : false , isTruboGame : false , isPalmRejection : false
05-06 22:48:14.988 30619 31122 W CameraMetadataJV: Expect face scores and rectangles to be non-null
05-06 22:48:14.990 30619 31122 W CAM_A   : PHOTO > abs Δ(result sensor timestamp) = 225.11 ms > 70.00 ms
05-06 22:48:14.990 30619 31122 W CAM_A   : PHOTO > rel Δ(result sensor timestamp) = 2.00 > 0.25
05-06 22:48:14.990 30619 31122 W CAM_A   : PHOTO > result sensor delay = 2.99 > 1.10
05-06 22:48:14.991 30619 30658 I Manager : prepareModelFromCache: successfully prepared model from cache
05-06 22:48:14.991 30619 30658 I ExecutionPlan: ExecutionPlan::SimpleBody::finish: compilation finished successfully on mtk-neuron
05-06 22:48:15.027 30619 31122 W CameraMetadataJV: Expect face scores and rectangles to be non-null
05-06 22:48:15.028 30619 31122 W CAM_A   : PHOTO > abs Δ(result sensor timestamp) = 75.04 ms > 70.00 ms
05-06 22:48:15.029 30619 31122 W CAM_A   : PHOTO > rel Δ(result sensor timestamp) = 0.67 > 0.25
05-06 22:48:15.259 30619 31122 W CameraMetadataJV: Expect face scores and rectangles to be non-null
05-06 22:48:15.260 30619 31122 W CAM_A   : PHOTO > abs Δ(result sensor timestamp) = 225.11 ms > 70.00 ms
05-06 22:48:15.260 30619 31122 W CAM_A   : PHOTO > rel Δ(result sensor timestamp) = 2.00 > 0.25
05-06 22:48:15.260 30619 31122 W CAM_A   : PHOTO > result sensor delay = 2.99 > 1.10
05-06 22:48:15.308 30619 31122 W CameraMetadataJV: Expect face scores and rectangles to be non-null
05-06 22:48:15.310 30619 31122 W CAM_A   : PHOTO > abs Δ(result sensor timestamp) = 75.04 ms > 70.00 ms
05-06 22:48:15.311 30619 31122 W CAM_A   : PHOTO > rel Δ(result sensor timestamp) = 0.67 > 0.25
05-06 22:48:15.509 30619 30813 D BufferPoolAccessor2.0: bufferpool2 0x72d72ce2e8 : 0(0 size) total buffers - 0(0 size) used buffers - 3/9 (recycle/alloc) - 6/40 (fetch/transfer)
05-06 22:48:15.509 30619 30813 D BufferPoolAccessor2.0: evictor expired: 1, evicted: 1
05-06 22:48:15.575 30619 31122 W CameraMetadataJV: Expect face scores and rectangles to be non-null
05-06 22:48:15.578 30619 31122 W CAM_A   : PHOTO > abs Δ(result sensor timestamp) = 225.11 ms > 70.00 ms
05-06 22:48:15.578 30619 31122 W CAM_A   : PHOTO > rel Δ(result sensor timestamp) = 2.00 > 0.25
05-06 22:48:15.579 30619 31122 W CAM_A   : PHOTO > result sensor delay = 2.99 > 1.10
05-06 22:48:15.582 30619 30658 W gralloc4: Could not find component description for FourCC value 20363152
05-06 22:48:15.608 30619 31122 W CameraMetadataJV: Expect face scores and rectangles to be non-null
05-06 22:48:15.609 30619 31122 W CAM_A   : PHOTO > abs Δ(result sensor timestamp) = 75.04 ms > 70.00 ms
05-06 22:48:15.610 30619 31122 W CAM_A   : PHOTO > rel Δ(result sensor timestamp) = 0.67 > 0.25
05-06 22:48:15.614 30619 31122 I BufferQueueConsumer: [ImageReader-1920x1080f23m52-30619-1](id:779b00000001,api:0,p:-1,c:30619) disconnect()
05-06 22:48:15.871 30619 31122 W CameraMetadataJV: Expect face scores and rectangles to be non-null
05-06 22:48:15.874 30619 31122 W CAM_A   : PHOTO > abs Δ(result sensor timestamp) = 225.11 ms > 70.00 ms
05-06 22:48:15.876 30619 31122 W CAM_A   : PHOTO > rel Δ(result sensor timestamp) = 2.00 > 0.25
05-06 22:48:15.877 30619 31122 W CAM_A   : PHOTO > result sensor delay = 2.99 > 1.10
05-06 22:48:15.898 30619 30619 D GameSpace: DecorView dispatchTouchEvent, isAccelerate : false , isTruboGame : false , isPalmRejection : false
05-06 22:48:15.910 30619 31122 W CameraMetadataJV: Expect face scores and rectangles to be non-null
05-06 22:48:15.912 30619 31122 W CAM_A   : PHOTO > abs Δ(result sensor timestamp) = 75.04 ms > 70.00 ms
05-06 22:48:15.912 30619 31122 W CAM_A   : PHOTO > rel Δ(result sensor timestamp) = 0.67 > 0.25
05-06 22:48:16.078 30619 30619 W MediaFsQModule: Returning Q MediaFs implementation
05-06 22:48:16.130 30619 30662 D AudioTrack: INSP: type=audio,case=1,set=0x72f72dc4d0,stream_type=7,sample_rate=44100,format=0x1,channel_mask=0x1,frame_count=0,flags=0x4,notification_frames=0,session_id=0,transfer_type=0,uid=-1,pid=-1
05-06 22:48:16.130 30619 30662 D AudioTrack: INSP: type=audio,case=1,attributes=1,content_type=4,usage=13,source=0,flags=0x801
05-06 22:48:16.130 30619 30662 D AudioTrack: set(): Building AudioTrack with attributes: usage = 13, content = 4, flags = 0x801, tags = []
05-06 22:48:16.131 30619 30662 D AudioTrack: set(): 0x72f72dc4d0, Create AudioTrackThread, tid = 31297
05-06 22:48:16.149 30619 30662 D AudioTrack: createTrack_l(0): AUDIO_OUTPUT_FLAG_FAST denied by server; frameCount 0 -> 12440
05-06 22:48:16.150 30619 30662 D AudioTrack: createTrack_l(4851): 0x72f72dc4d0, mCblk = 0x70a7dc4000, mLatency = 324, mAfLatency = 42, frameCount = 12440, mSampleRate = 44100, mFlags = 0, mReqFrameCount = 12440, mNotificationFramesAct = 0
05-06 22:48:16.150 30619 30662 D AudioTrack: setVolume(4851): 0x72f72dc4d0, left = 0.600000, right = 0.600000
05-06 22:48:16.150 30619 30662 D AudioTrack: start(4851): 0x72f72dc4d0, prior state:STATE_STOPPED
05-06 22:48:16.180 30619 31122 W CameraMetadataJV: Expect face scores and rectangles to be non-null
05-06 22:48:16.183 30619 31122 W CAM_A   : PHOTO > abs Δ(result sensor timestamp) = 225.11 ms > 70.00 ms
05-06 22:48:16.183 30619 31122 W CAM_A   : PHOTO > rel Δ(result sensor timestamp) = 2.00 > 0.25
05-06 22:48:16.184 30619 31122 W CAM_A   : PHOTO > result sensor delay = 2.99 > 1.10
05-06 22:48:16.211 30619 31023 D CompatibilityChangeReporter: Compat change id reported: 150939131; UID 10261; state: DISABLED
05-06 22:48:16.214 30619 31122 W CameraMetadataJV: Expect face scores and rectangles to be non-null
05-06 22:48:16.216 30619 31122 W CAM_A   : PHOTO > abs Δ(result sensor timestamp) = 75.04 ms > 70.00 ms
05-06 22:48:16.216 30619 31122 W CAM_A   : PHOTO > rel Δ(result sensor timestamp) = 0.67 > 0.25
05-06 22:48:16.267 30619 31296 W gralloc4: Could not find component description for FourCC value 20363152
05-06 22:48:16.285 30619 31296 W gralloc4: Could not find component description for FourCC value 20363152
05-06 22:48:16.307 30619 31296 W gralloc4: Could not find component description for FourCC value 20363152
05-06 22:48:16.324 30619 31296 W gralloc4: Could not find component description for FourCC value 20363152
05-06 22:48:16.347 30619 31296 W gralloc4: Could not find component description for FourCC value 20363152
05-06 22:48:16.362 30619 31296 W gralloc4: Could not find component description for FourCC value 20363152
05-06 22:48:16.379 30619 31296 W gralloc4: Could not find component description for FourCC value 20363152
05-06 22:48:16.396 30619 31296 W gralloc4: Could not find component description for FourCC value 20363152
05-06 22:48:16.421 30619 31296 W gralloc4: Could not find component description for FourCC value 20363152
05-06 22:48:16.432 30619 30765 W libgcam : [shot_helper.cc:202]: CheckFrameDuration: Unexpected timestamp gap between payload frames 9 and 8 (of 10).  Expected 75.0 ms gap; actual gap was 225.1 ms.  This could indicate dropped frames.
05-06 22:48:16.432 30619 30765 W libgcam : [shot_helper.cc:202]: CheckFrameDuration: Unexpected timestamp gap between payload frames 7 and 6 (of 10).  Expected 75.0 ms gap; actual gap was 225.1 ms.  This could indicate dropped frames.
05-06 22:48:16.432 30619 30765 W libgcam : [shot_helper.cc:202]: CheckFrameDuration: Unexpected timestamp gap between payload frames 5 and 4 (of 10).  Expected 75.0 ms gap; actual gap was 225.1 ms.  This could indicate dropped frames.
05-06 22:48:16.432 30619 30765 W libgcam : [shot_helper.cc:202]: CheckFrameDuration: Unexpected timestamp gap between payload frames 3 and 2 (of 10).  Expected 75.0 ms gap; actual gap was 225.1 ms.  This could indicate dropped frames.
05-06 22:48:16.432 30619 30765 W libgcam : [shot_helper.cc:202]: CheckFrameDuration: Unexpected timestamp gap between payload frames 1 and 0 (of 10).  Expected 75.0 ms gap; actual gap was 225.1 ms.  This could indicate dropped frames.
05-06 22:48:16.470 30619 31315 D AudioTrack: stop(4851): 0x72f72dc4d0, prior state:STATE_ACTIVE
05-06 22:48:16.471 30619 31315 D AudioTrack: stop(4851): 0x72f72dc4d0 stop done
05-06 22:48:16.483 30619 31122 W CameraMetadataJV: Expect face scores and rectangles to be non-null
05-06 22:48:16.486 30619 31122 W CAM_A   : PHOTO > abs Δ(result sensor timestamp) = 225.11 ms > 70.00 ms
05-06 22:48:16.487 30619 31122 W CAM_A   : PHOTO > rel Δ(result sensor timestamp) = 2.00 > 0.25
05-06 22:48:16.491 30619 31122 W CAM_A   : PHOTO > result sensor delay = 2.99 > 1.10
05-06 22:48:16.494 30619 30648 W gralloc4: Could not find component description for FourCC value 20363152
05-06 22:48:16.499 30619 30765 E libgcam : [camera_motion_blur_estimator.cc:57]: EstimateCameraMotionBlur: Can't estimate camera motion blur, because gyro data is missing.
05-06 22:48:16.500 30619 30765 E libgcam : [camera_motion_blur_estimator.cc:57]: EstimateCameraMotionBlur: Can't estimate camera motion blur, because gyro data is missing.
05-06 22:48:16.500 30619 30765 W libgcam : [shot_helper.cc:352]: LogViewfinderAeWarnings: viewfinder_short_tet (0.000ms) is further than expected from the capture TET (4771.563ms). Relative error: 100%.
05-06 22:48:16.528 30619 31122 W CameraMetadataJV: Expect face scores and rectangles to be non-null
05-06 22:48:16.529 30619 31122 W CAM_A   : PHOTO > abs Δ(result sensor timestamp) = 75.04 ms > 70.00 ms
05-06 22:48:16.530 30619 31122 W CAM_A   : PHOTO > rel Δ(result sensor timestamp) = 0.67 > 0.25
05-06 22:48:16.653 30619 30765 E libgcam : [camera_motion_blur_estimator.cc:57]: EstimateCameraMotionBlur: Can't estimate camera motion blur, because gyro data is missing.
05-06 22:48:16.662 30619 30765 I chatty  : uid=10261(com.google.android.GoogleCameraEngR13F2) EndPyloadFr00 identical 6 lines
05-06 22:48:16.663 30619 30765 E libgcam : [camera_motion_blur_estimator.cc:57]: EstimateCameraMotionBlur: Can't estimate camera motion blur, because gyro data is missing.
05-06 22:48:16.701 30619 30765 W libgcam : [shot.cc:603]: ProcessCaptureBaseFrame: A large number of pixels (0.34%) were defective! This can affect performance and image quality, and should be fixed.
05-06 22:48:16.748 30619 30631 I eCameraEngR13F: NativeAlloc concurrent copying GC freed 76323(3181KB) AllocSpace objects, 1(68KB) LOS objects, 41% free, 8617KB/14MB, paused 190us total 113.976ms
05-06 22:48:16.770 30619 30633 W MessageQueue: Handler (android.os.Handler) {198a608} sending message to a Handler on a dead thread
05-06 22:48:16.770 30619 30633 W MessageQueue: java.lang.IllegalStateException: Handler (android.os.Handler) {198a608} sending message to a Handler on a dead thread
05-06 22:48:16.770 30619 30633 W MessageQueue: 	at android.os.MessageQueue.enqueueMessage(MessageQueue.java:560)
05-06 22:48:16.770 30619 30633 W MessageQueue: 	at android.os.Handler.enqueueMessage(Handler.java:778)
05-06 22:48:16.770 30619 30633 W MessageQueue: 	at android.os.Handler.sendMessageAtTime(Handler.java:727)
05-06 22:48:16.770 30619 30633 W MessageQueue: 	at android.os.Handler.sendMessageDelayed(Handler.java:697)
05-06 22:48:16.770 30619 30633 W MessageQueue: 	at android.os.Handler.post(Handler.java:427)
05-06 22:48:16.770 30619 30633 W MessageQueue: 	at lam.execute(Unknown Source:2)
05-06 22:48:16.770 30619 30633 W MessageQueue: 	at android.hardware.camera2.impl.CallbackProxies$SessionStateCallbackProxy.onClosed(CallbackProxies.java:104)
05-06 22:48:16.770 30619 30633 W MessageQueue: 	at android.hardware.camera2.impl.CameraCaptureSessionImpl.close(CameraCaptureSessionImpl.java:587)
05-06 22:48:16.770 30619 30633 W MessageQueue: 	at android.hardware.camera2.impl.CameraCaptureSessionImpl.finalize(CameraCaptureSessionImpl.java:878)
05-06 22:48:16.770 30619 30633 W MessageQueue: 	at java.lang.Daemons$FinalizerDaemon.doFinalize(Daemons.java:291)
05-06 22:48:16.770 30619 30633 W MessageQueue: 	at java.lang.Daemons$FinalizerDaemon.runInternal(Daemons.java:278)
05-06 22:48:16.770 30619 30633 W MessageQueue: 	at java.lang.Daemons$Daemon.run(Daemons.java:139)
05-06 22:48:16.770 30619 30633 W MessageQueue: 	at java.lang.Thread.run(Thread.java:923)
05-06 22:48:16.783 30619 31122 W CameraMetadataJV: Expect face scores and rectangles to be non-null
05-06 22:48:16.786 30619 31122 W CAM_A   : PHOTO > abs Δ(result sensor timestamp) = 225.11 ms > 70.00 ms
05-06 22:48:16.787 30619 31122 W CAM_A   : PHOTO > rel Δ(result sensor timestamp) = 2.00 > 0.25
05-06 22:48:16.787 30619 31122 W CAM_A   : PHOTO > result sensor delay = 2.99 > 1.10
05-06 22:48:16.809 30619 31122 W CameraMetadataJV: Expect face scores and rectangles to be non-null
05-06 22:48:16.810 30619 31122 W CAM_A   : PHOTO > abs Δ(result sensor timestamp) = 75.04 ms > 70.00 ms
05-06 22:48:16.811 30619 31122 W CAM_A   : PHOTO > rel Δ(result sensor timestamp) = 0.67 > 0.25
05-06 22:48:16.884 30619 30619 W CAM_A   : isListed: unknown activity. mimeType=image/* className=com.facebook.timeline.stagingground.Fb4aProfilePictureShareActivityAlias
05-06 22:48:16.884 30619 30619 W CAM_A   : isListed: unknown activity. mimeType=image/* className=com.facebook.composer.shareintent.ImplicitShareIntentHandlerDefaultAlias
05-06 22:48:16.885 30619 30619 W CAM_A   : isListed: unknown activity. mimeType=image/* className=com.facebook.composer.shareintent.ShareToGroupsAlias
05-06 22:48:16.885 30619 30619 W CAM_A   : isListed: unknown activity. mimeType=image/* className=com.facebook.lite.composer.activities.ShareIntentMultiPhotoAlphabeticalAlias
05-06 22:48:16.886 30619 30619 W CAM_A   : isListed: unknown activity. mimeType=image/* className=com.facebook.messenger.intents.MediaEditShareIntentHandler
05-06 22:48:16.886 30619 30619 W CAM_A   : isListed: unknown activity. mimeType=image/* className=com.whatsapp.contact.ui.picker.ContactPicker
05-06 22:48:16.899 30619 30619 W CAM_A   : isListed: unknown activity. mimeType=video/* className=com.facebook.composer.shareintent.ImplicitShareIntentHandlerDefaultAlias
05-06 22:48:16.899 30619 30619 W CAM_A   : isListed: unknown activity. mimeType=video/* className=com.facebook.composer.shareintent.ShareToGroupsAlias
05-06 22:48:16.899 30619 30619 W CAM_A   : isListed: unknown activity. mimeType=video/* className=com.facebook.inspiration.fbshorts.shareintent.InpirationFbShortsShareAlias
05-06 22:48:16.900 30619 30619 W CAM_A   : isListed: unknown activity. mimeType=video/* className=com.facebook.lite.composer.activities.ShareIntentVideoAlphabeticalAlias
05-06 22:48:16.900 30619 30619 W CAM_A   : isListed: unknown activity. mimeType=video/* className=com.facebook.messenger.intents.MediaEditShareIntentHandler
05-06 22:48:16.901 30619 30619 W CAM_A   : isListed: unknown activity. mimeType=video/* className=com.whatsapp.contact.ui.picker.ContactPicker
05-06 22:48:17.011 30619 31122 W CameraMetadataJV: Expect face scores and rectangles to be non-null
05-06 22:48:17.013 30619 31122 W CAM_A   : PHOTO > abs Δ(result sensor timestamp) = 150.07 ms > 70.00 ms
05-06 22:48:17.016 30619 31122 W CAM_A   : PHOTO > rel Δ(result sensor timestamp) = 1.00 > 0.25
05-06 22:48:17.019 30619 31122 W CAM_A   : PHOTO > result sensor delay = 1.99 > 1.10
05-06 22:48:17.035 30619 31122 W CameraMetadataJV: Expect face scores and rectangles to be non-null
05-06 22:48:17.036 30619 31122 W CAM_A   : PHOTO > abs Δ(result sensor timestamp) = 75.04 ms > 70.00 ms
05-06 22:48:17.037 30619 31122 W CAM_A   : PHOTO > rel Δ(result sensor timestamp) = 0.50 > 0.25
05-06 22:48:17.202 30619 30631 I eCameraEngR13F: NativeAlloc concurrent copying GC freed 38367(2038KB) AllocSpace objects, 1(20KB) LOS objects, 41% free, 8696KB/14MB, paused 318us total 264.417ms
05-06 22:48:17.300 30619 31122 W CameraMetadataJV: Expect face scores and rectangles to be non-null
05-06 22:48:17.302 30619 31122 W CAM_A   : PHOTO > abs Δ(result sensor timestamp) = 225.11 ms > 70.00 ms
05-06 22:48:17.307 30619 31122 W CAM_A   : PHOTO > rel Δ(result sensor timestamp) = 2.00 > 0.25
05-06 22:48:17.307 30619 31122 W CAM_A   : PHOTO > result sensor delay = 2.99 > 1.10
05-06 22:48:17.322 30619 30648 W gralloc4: Could not find component description for FourCC value 20363152
05-06 22:48:17.335 30619 31122 W CameraMetadataJV: Expect face scores and rectangles to be non-null
05-06 22:48:17.343 30619 31122 W CAM_A   : PHOTO > abs Δ(result sensor timestamp) = 75.04 ms > 70.00 ms
05-06 22:48:17.344 30619 31122 W CAM_A   : PHOTO > rel Δ(result sensor timestamp) = 0.67 > 0.25
05-06 22:48:17.605 30619 31122 W CameraMetadataJV: Expect face scores and rectangles to be non-null
05-06 22:48:17.607 30619 31122 W CAM_A   : PHOTO > abs Δ(result sensor timestamp) = 225.11 ms > 70.00 ms
05-06 22:48:17.607 30619 31122 W CAM_A   : PHOTO > rel Δ(result sensor timestamp) = 2.00 > 0.25
05-06 22:48:17.607 30619 31122 W CAM_A   : PHOTO > result sensor delay = 2.99 > 1.10
05-06 22:48:17.643 30619 31122 W CameraMetadataJV: Expect face scores and rectangles to be non-null
05-06 22:48:17.644 30619 31122 W CAM_A   : PHOTO > abs Δ(result sensor timestamp) = 75.04 ms > 70.00 ms
05-06 22:48:17.645 30619 31122 W CAM_A   : PHOTO > rel Δ(result sensor timestamp) = 0.67 > 0.25
05-06 22:48:17.830 30619 30619 D GameSpace: DecorView dispatchTouchEvent, isAccelerate : false , isTruboGame : false , isPalmRejection : false
05-06 22:48:17.985 30619 31122 W CameraMetadataJV: Expect face scores and rectangles to be non-null
05-06 22:48:17.987 30619 31122 W CAM_A   : PHOTO > abs Δ(result sensor timestamp) = 300.15 ms > 70.00 ms
05-06 22:48:17.987 30619 31122 W CAM_A   : PHOTO > rel Δ(result sensor timestamp) = 3.00 > 0.25
05-06 22:48:17.988 30619 31122 W CAM_A   : PHOTO > result sensor delay = 3.99 > 1.10
05-06 22:48:18.017 30619 31122 W CameraMetadataJV: Expect face scores and rectangles to be non-null
05-06 22:48:18.018 30619 31122 W CAM_A   : PHOTO > abs Δ(result sensor timestamp) = 75.04 ms > 70.00 ms
05-06 22:48:18.018 30619 31122 W CAM_A   : PHOTO > rel Δ(result sensor timestamp) = 0.75 > 0.25
05-06 22:48:18.202 30619 31122 W CameraMetadataJV: Expect face scores and rectangles to be non-null
05-06 22:48:18.204 30619 31122 W CAM_A   : PHOTO > abs Δ(result sensor timestamp) = 150.07 ms > 70.00 ms
05-06 22:48:18.204 30619 31122 W CAM_A   : PHOTO > rel Δ(result sensor timestamp) = 1.00 > 0.25
05-06 22:48:18.204 30619 31122 W CAM_A   : PHOTO > result sensor delay = 1.99 > 1.10
05-06 22:48:18.205 30619 30658 W gralloc4: Could not find component description for FourCC value 20363152
05-06 22:48:18.333 30619 31122 W CameraMetadataJV: Expect face scores and rectangles to be non-null
05-06 22:48:18.335 30619 31122 W CAM_A   : PHOTO > abs Δ(result sensor timestamp) = 150.07 ms > 70.00 ms
05-06 22:48:18.336 30619 31122 W CAM_A   : PHOTO > result sensor delay = 1.99 > 1.10
05-06 22:48:18.405 30619 30619 W CAM_A   : Disconnecting the camera device because filmstrip was launched.
05-06 22:48:18.424 30619 31296 E native  : E0506 22:48:18.421753   31296 jni_environment.cc:81] Failed to detach current thread from the JVM. JavaVM::DetachCurrentThread returned: -1
05-06 22:48:18.424 30619 30762 E GoLog   : E0506 22:48:18.421753   31296 jni_environment.cc:81] Failed to detach current thread from the JVM. JavaVM::DetachCurrentThread returned: -1
05-06 22:48:18.444 30619 30648 E PhenotypeFlagCommitter: Retrieving snapshot for com.google.android.apps.camera#com.google.android.GoogleCameraEngR13F2 failed
05-06 22:48:18.444 30619 30648 E PhenotypeFlagCommitter: java.util.concurrent.ExecutionException: java.lang.SecurityException: GoogleCertificatesRslt: not allowed: pkg=com.google.android.GoogleCameraEngR13F2, sha256=[a40da80a59d170caa950cf15c18c454d47a39b26989d8b640ecd745ba71bf5dc], atk=false, ver=251333022.true (go/gsrlt)
05-06 22:48:18.444 30619 30648 E PhenotypeFlagCommitter: 	at mip.fb(Unknown Source:27)
05-06 22:48:18.444 30619 30648 E PhenotypeFlagCommitter: 	at mip.cd(Unknown Source:63)
05-06 22:48:18.444 30619 30648 E PhenotypeFlagCommitter: 	at kuc.c(Unknown Source:12)
05-06 22:48:18.444 30619 30648 E PhenotypeFlagCommitter: 	at kuc.e(Unknown Source:35)
05-06 22:48:18.444 30619 30648 E PhenotypeFlagCommitter: 	at kuc.b(Unknown Source:1)
05-06 22:48:18.444 30619 30648 E PhenotypeFlagCommitter: 	at gvh.a(Unknown Source:35)
05-06 22:48:18.444 30619 30648 E PhenotypeFlagCommitter: 	at gvj.run(Unknown Source:9)
05-06 22:48:18.444 30619 30648 E PhenotypeFlagCommitter: 	at law.run(Unknown Source:2)
05-06 22:48:18.444 30619 30648 E PhenotypeFlagCommitter: 	at java.util.concurrent.Executors$RunnableAdapter.call(Executors.java:462)
05-06 22:48:18.444 30619 30648 E PhenotypeFlagCommitter: 	at pio.a(Unknown Source:2)
05-06 22:48:18.444 30619 30648 E PhenotypeFlagCommitter: 	at phs.run(Unknown Source:20)
05-06 22:48:18.444 30619 30648 E PhenotypeFlagCommitter: 	at pip.run(Unknown Source:4)
05-06 22:48:18.444 30619 30648 E PhenotypeFlagCommitter: 	at java.util.concurrent.Executors$RunnableAdapter.call(Executors.java:462)
05-06 22:48:18.444 30619 30648 E PhenotypeFlagCommitter: 	at java.util.concurrent.FutureTask.run(FutureTask.java:266)
05-06 22:48:18.444 30619 30648 E PhenotypeFlagCommitter: 	at java.util.concurrent.ScheduledThreadPoolExecutor$ScheduledFutureTask.run(ScheduledThreadPoolExecutor.java:301)
05-06 22:48:18.444 30619 30648 E PhenotypeFlagCommitter: 	at lbh.run(Unknown Source:2)
05-06 22:48:18.444 30619 30648 E PhenotypeFlagCommitter: 	at lbg.run(Unknown Source:0)
05-06 22:48:18.444 30619 30648 E PhenotypeFlagCommitter: 	at java.util.concurrent.ThreadPoolExecutor.runWorker(ThreadPoolExecutor.java:1167)
05-06 22:48:18.444 30619 30648 E PhenotypeFlagCommitter: 	at java.util.concurrent.ThreadPoolExecutor$Worker.run(ThreadPoolExecutor.java:641)
05-06 22:48:18.444 30619 30648 E PhenotypeFlagCommitter: 	at java.lang.Thread.run(Thread.java:923)
05-06 22:48:18.444 30619 30648 E PhenotypeFlagCommitter: 	at lab.run(Unknown Source:5)
05-06 22:48:18.444 30619 30648 E PhenotypeFlagCommitter: Caused by: java.lang.SecurityException: GoogleCertificatesRslt: not allowed: pkg=com.google.android.GoogleCameraEngR13F2, sha256=[a40da80a59d170caa950cf15c18c454d47a39b26989d8b640ecd745ba71bf5dc], atk=false, ver=251333022.true (go/gsrlt)
05-06 22:48:18.444 30619 30648 E PhenotypeFlagCommitter: 	at android.os.Parcel.createExceptionOrNull(Parcel.java:2374)
05-06 22:48:18.444 30619 30648 E PhenotypeFlagCommitter: 	at android.os.Parcel.createException(Parcel.java:2358)
05-06 22:48:18.444 30619 30648 E PhenotypeFlagCommitter: 	at android.os.Parcel.readException(Parcel.java:2341)
05-06 22:48:18.444 30619 30648 E PhenotypeFlagCommitter: 	at android.os.Parcel.readException(Parcel.java:2283)
05-06 22:48:18.444 30619 30648 E PhenotypeFlagCommitter: 	at bmn.z(Unknown Source:10)
05-06 22:48:18.444 30619 30648 E PhenotypeFlagCommitter: 	at ktz.a(Unknown Source:38)
05-06 22:48:18.444 30619 30648 E PhenotypeFlagCommitter: 	at kjd.f(Unknown Source:10)
05-06 22:48:18.444 30619 30648 E PhenotypeFlagCommitter: 	at kkc.t(Unknown Source:9)
05-06 22:48:18.444 30619 30648 E PhenotypeFlagCommitter: 	at kkc.u(Unknown Source:22)
05-06 22:48:18.444 30619 30648 E PhenotypeFlagCommitter: 	at kkc.e(Unknown Source:15)
05-06 22:48:18.444 30619 30648 E PhenotypeFlagCommitter: 	at kkg.handleMessage(Unknown Source:920)
05-06 22:48:18.444 30619 30648 E PhenotypeFlagCommitter: 	at android.os.Handler.dispatchMessage(Handler.java:102)
05-06 22:48:18.444 30619 30648 E PhenotypeFlagCommitter: 	at ksg.b(Unknown Source:0)
05-06 22:48:18.444 30619 30648 E PhenotypeFlagCommitter: 	at ksg.dispatchMessage(Unknown Source:0)
05-06 22:48:18.444 30619 30648 E PhenotypeFlagCommitter: 	at android.os.Looper.loop(Looper.java:223)
05-06 22:48:18.444 30619 30648 E PhenotypeFlagCommitter: 	at android.os.HandlerThread.run(HandlerThread.java:67)
05-06 22:48:18.493 30619 31222 E libEGL  : validate_display:87 error 3008 (EGL_BAD_DISPLAY)
05-06 22:48:18.495 30619 31221 E libEGL  : validate_display:87 error 3008 (EGL_BAD_DISPLAY)
05-06 22:48:18.776 30619 30619 W CAM_A   : Duplicate call to stopModule; skipping stop.
05-06 22:48:18.810 30619 30619 V PhoneWindow: DecorView setVisiblity: visibility = 4, Parent = android.view.ViewRootImpl@17595ba, this = DecorView@a8b9c6b[CameraLauncher]
05-06 22:48:18.870 30619 30631 I eCameraEngR13F: NativeAlloc concurrent copying GC freed 50214(2115KB) AllocSpace objects, 1(20KB) LOS objects, 42% free, 8379KB/14MB, paused 163us total 464.465ms
05-06 22:48:18.884 30619 30670 I BufferQueueProducer: [ImageReader-1440x1080f22m11-30619-5](id:779b00000005,api:4,p:911,c:30619) disconnect(): api=4
05-06 22:48:18.898 30619 30670 I BufferQueueProducer: [ImageReader-4000x3000f20m30-30619-3](id:779b00000003,api:4,p:911,c:30619) disconnect(): api=4
05-06 22:48:18.910 30619 30670 I BufferQueueProducer: [ImageReader-1920x1080f23m52-30619-4](id:779b00000004,api:4,p:911,c:30619) disconnect(): api=4
05-06 22:48:18.920 30619 30619 W Choreographer: Frame time is 0.238462  now = 124128630813783  timestampNanos = 124128631052245 ms in the future!  Check that graphics HAL is generating vsync timestamps using the correct timebase.
05-06 22:48:19.483 30619 30619 W ImageSaver-1: type=1400 audit(0.0:191833): avc: granted { execute } for path="/data/user/0/com.google.android.GoogleCameraEngR13F2/files/libpatched_jni.so" dev="dm-11" ino=839845 scontext=u:r:untrusted_app_29:s0:c5,c257,c512,c768 tcontext=u:object_r:app_data_file:s0:c5,c257,c512,c768 tclass=file app=com.google.android.GoogleCameraEngR13F2
05-06 22:48:19.684 30619 30631 I eCameraEngR13F: Background concurrent copying GC freed 2828(133KB) AllocSpace objects, 0(0B) LOS objects, 26% free, 16MB/22MB, paused 162us total 109.958ms
05-06 22:48:20.152 30619 30619 W CAM_A   : Placeholder drawable removed: key=ShotId-0 evicted=false
05-06 22:48:20.242 30619 31439 D CompatibilityChangeReporter: Compat change id reported: 149924527; UID 10261; state: ENABLED
05-06 22:48:20.242 30619 31439 D CompatibilityChangeReporter: Compat change id reported: 132649864; UID 10261; state: DISABLED
05-06 22:48:20.409 30619 31069 I BufferQueueConsumer: [ImageReader-4000x3000f20m30-30619-3](id:779b00000003,api:0,p:-1,c:30619) disconnect()
05-06 22:48:20.410 30619 31069 I BufferQueueConsumer: [ImageReader-1440x1080f22m11-30619-5](id:779b00000005,api:0,p:-1,c:30619) disconnect()
